INFO:     Started server process [34196]
INFO:     Waiting for application startup.
[2026-05-01T06:15:44Z] [main] [INFO] Starting VC Lead Intelligence API …
[2026-05-01T06:15:44Z] [apscheduler.scheduler] [INFO] Adding job tentatively -- it will be properly scheduled when the scheduler starts
[2026-05-01T06:15:44Z] [apscheduler.scheduler] [INFO] Adding job tentatively -- it will be properly scheduled when the scheduler starts
[2026-05-01T06:15:44Z] [apscheduler.scheduler] [INFO] Adding job tentatively -- it will be properly scheduled when the scheduler starts
[2026-05-01T06:15:44Z] [apscheduler.scheduler] [INFO] Adding job tentatively -- it will be properly scheduled when the scheduler starts
[2026-05-01T06:15:44Z] [apscheduler.scheduler] [INFO] Adding job tentatively -- it will be properly scheduled when the scheduler starts
[2026-05-01T06:15:44Z] [apscheduler.scheduler] [INFO] Adding job tentatively -- it will be properly scheduled when the scheduler starts
[2026-05-01T06:15:44Z] [apscheduler.scheduler] [INFO] Adding job tentatively -- it will be properly scheduled when the scheduler starts
[2026-05-01T06:15:44Z] [apscheduler.scheduler] [INFO] Added job "Twitter/X Stealth Crawler" to job store "default"
[2026-05-01T06:15:44Z] [apscheduler.scheduler] [INFO] Added job "Google Dorker (LinkedIn)" to job store "default"
[2026-05-01T06:15:44Z] [apscheduler.scheduler] [INFO] Added job "Proxycurl LinkedIn Enricher" to job store "default"
[2026-05-01T06:15:44Z] [apscheduler.scheduler] [INFO] Added job "ProductHunt Maker Crawler" to job store "default"
[2026-05-01T06:15:44Z] [apscheduler.scheduler] [INFO] Added job "HackerNews Talent Crawler" to job store "default"
[2026-05-01T06:15:44Z] [apscheduler.scheduler] [INFO] Added job "Social Profile Lookup (LinkedIn + Twitter)" to job store "default"
[2026-05-01T06:15:44Z] [apscheduler.scheduler] [INFO] Added job "Founder Score Refresh" to job store "default"
[2026-05-01T06:15:44Z] [apscheduler.scheduler] [INFO] Scheduler started
[2026-05-01T06:15:44Z] [scheduler] [INFO] APScheduler started with 7 jobs
[2026-05-01T06:15:44Z] [main] [INFO] All systems running. API ready.
INFO:     Application startup complete.
INFO:     Uvicorn running on http://127.0.0.1:8001 (Press CTRL+C to quit)
